// Jest Snapshot v1, https://goo.gl/fbAQLP

exports[`HealthDetails renders deployments failure 1`] = `
ShallowWrapper {
  Symbol(enzyme.__root__): [Circular],
  Symbol(enzyme.__unrendered__): <HealthDetails
    headline=""
    health={
      ServiceHealth {
        "items": Array [
          Object {
            "status": Object {
              "color": "#72767b",
              "name": "No health information",
              "priority": 0,
              "text": "N/A",
            },
            "text": "No requests over last min",
            "title": "Error Rate",
          },
        ],
        "rateInterval": 60,
        "requests": Object {
          "errorRatio": -1,
          "inboundErrorRatio": -1,
          "outboundErrorRatio": -1,
        },
      }
    }
    id="svc"
  />,
  Symbol(enzyme.__renderer__): Object {
    "batchedUpdates": [Function],
    "getNode": [Function],
    "render": [Function],
    "simulateError": [Function],
    "simulateEvent": [Function],
    "unmount": [Function],
  },
  Symbol(enzyme.__node__): Object {
    "instance": null,
    "key": undefined,
    "nodeType": "class",
    "props": Object {
      "children": undefined,
      "defaultOverlayShown": false,
      "overlay": <Popover
        bsClass="popover"
        id="svc-health-tooltip"
        placement="right"
        title=""
      >
        <div>
          <strong>
            <span
              style={
                Object {
                  "color": "#72767b",
                }
              }
            >
              N/A
            </span>
             Error Rate: 
          </strong>
          No requests over last min
        </div>
      </Popover>,
      "placement": "right",
      "rootClose": false,
      "trigger": Array [
        "hover",
        "focus",
      ],
    },
    "ref": null,
    "rendered": null,
    "type": [Function],
  },
  Symbol(enzyme.__nodes__): Array [
    Object {
      "instance": null,
      "key": undefined,
      "nodeType": "class",
      "props": Object {
        "children": undefined,
        "defaultOverlayShown": false,
        "overlay": <Popover
          bsClass="popover"
          id="svc-health-tooltip"
          placement="right"
          title=""
        >
          <div>
            <strong>
              <span
                style={
                  Object {
                    "color": "#72767b",
                  }
                }
              >
                N/A
              </span>
               Error Rate: 
            </strong>
            No requests over last min
          </div>
        </Popover>,
        "placement": "right",
        "rootClose": false,
        "trigger": Array [
          "hover",
          "focus",
        ],
      },
      "ref": null,
      "rendered": null,
      "type": [Function],
    },
  ],
  Symbol(enzyme.__options__): Object {
    "adapter": ReactSixteenAdapter {
      "options": Object {
        "enableComponentDidUpdateOnSetState": true,
        "lifecycles": Object {
          "componentDidUpdate": Object {
            "onSetState": true,
          },
          "getDerivedStateFromProps": true,
          "getSnapshotBeforeUpdate": true,
          "setState": Object {
            "skipsComponentDidUpdateOnNullish": true,
          },
        },
      },
    },
  },
}
`;

exports[`HealthDetails renders healthy 1`] = `
ShallowWrapper {
  Symbol(enzyme.__root__): [Circular],
  Symbol(enzyme.__unrendered__): <HealthDetails
    headline=""
    health={
      ServiceHealth {
        "items": Array [
          Object {
            "status": Object {
              "color": "#72767b",
              "name": "No health information",
              "priority": 0,
              "text": "N/A",
            },
            "text": "No requests over last min",
            "title": "Error Rate",
          },
        ],
        "rateInterval": 60,
        "requests": Object {
          "errorRatio": -1,
          "inboundErrorRatio": -1,
          "outboundErrorRatio": -1,
        },
      }
    }
    id="svc"
  />,
  Symbol(enzyme.__renderer__): Object {
    "batchedUpdates": [Function],
    "getNode": [Function],
    "render": [Function],
    "simulateError": [Function],
    "simulateEvent": [Function],
    "unmount": [Function],
  },
  Symbol(enzyme.__node__): Object {
    "instance": null,
    "key": undefined,
    "nodeType": "class",
    "props": Object {
      "children": undefined,
      "defaultOverlayShown": false,
      "overlay": <Popover
        bsClass="popover"
        id="svc-health-tooltip"
        placement="right"
        title=""
      >
        <div>
          <strong>
            <span
              style={
                Object {
                  "color": "#72767b",
                }
              }
            >
              N/A
            </span>
             Error Rate: 
          </strong>
          No requests over last min
        </div>
      </Popover>,
      "placement": "right",
      "rootClose": false,
      "trigger": Array [
        "hover",
        "focus",
      ],
    },
    "ref": null,
    "rendered": null,
    "type": [Function],
  },
  Symbol(enzyme.__nodes__): Array [
    Object {
      "instance": null,
      "key": undefined,
      "nodeType": "class",
      "props": Object {
        "children": undefined,
        "defaultOverlayShown": false,
        "overlay": <Popover
          bsClass="popover"
          id="svc-health-tooltip"
          placement="right"
          title=""
        >
          <div>
            <strong>
              <span
                style={
                  Object {
                    "color": "#72767b",
                  }
                }
              >
                N/A
              </span>
               Error Rate: 
            </strong>
            No requests over last min
          </div>
        </Popover>,
        "placement": "right",
        "rootClose": false,
        "trigger": Array [
          "hover",
          "focus",
        ],
      },
      "ref": null,
      "rendered": null,
      "type": [Function],
    },
  ],
  Symbol(enzyme.__options__): Object {
    "adapter": ReactSixteenAdapter {
      "options": Object {
        "enableComponentDidUpdateOnSetState": true,
        "lifecycles": Object {
          "componentDidUpdate": Object {
            "onSetState": true,
          },
          "getDerivedStateFromProps": true,
          "getSnapshotBeforeUpdate": true,
          "setState": Object {
            "skipsComponentDidUpdateOnNullish": true,
          },
        },
      },
    },
  },
}
`;
